[namemc.com/profile/TheRealMedusa.html]
[backblue.gif]
[fade.gif]
[index.html]
[tags.bkrtx.com/js/bk-coretag.js]
[securepubads.g.doubleclick.net/tag/js/gpt.js]
[static.namemc.com/dist/namemc.min8e54.js]
[render.namemc.com/skin/2d/facec7bb.png]
[namemc.com/profile/cdede5d3-20c6-4065-9ec7-694fc1a4c379.html]
[static.namemc.com/css/dark8612.css]
[namemc.com/cdn-cgi/bm/cv/669835187/api.js]
[static.namemc.com/css/lightdd06.css]
[static.namemc.com/i/favicon-30.png]
[static.namemc.com/js/three.min0066.js]
[static.namemc.com/css/fontawesome.min.css]
[namemc.com/cdn-cgi/scripts/5c5dd728/cloudflare-static/email-decode.min.js]
[static.namemc.com/assets/vendor/jquery/jquery.min.js]
[static.namemc.com/assets/vendor/bootstrap/js/popper.min.js]
[static.namemc.com/assets/vendor/bootstrap/js/bootstrap.min.js]
[static.namemc.com/assets/vendor/stacked-menu/stacked-menu.min.js]
[www.google.com/recaptcha/api407d.js]
[static.namemc.com/js/theme.min279d.js]
[static.namemc.com/js/clipboard.min80aa.js]
[static.namemc.com/js/script321e.js]
[namemc.com/profile/TheRealMedusa.html]
[namemc.com/profile/cdede5d3-20c6-4065-9ec7-694fc1a4c379.html]
[static.namemc.com/css/dark8612.css]
[static.namemc.com/css/lightdd06.css]
[static.namemc.com/css/fontawesome.min.css]
[static.namemc.com/js/namemc-skinsb737.js]
